../Core/Src/main.c:74:10:read_adc_value	16	static
../Core/Src/main.c:146:6:SystemClock_Config	96	static,ignoring_inline_asm
../Core/Src/main.c:87:5:main	336	static,ignoring_inline_asm
../Core/Src/main.c:536:6:sendResponse	8	static
../Core/Src/main.c:501:6:setLedState	8	static
../Core/Src/main.c:506:6:changeTimer1PWM	64	static
../Core/Src/main.c:518:6:changeTimer2PWM	64	static
../Core/Src/main.c:530:6:sendUnknownCommandResponse	64	static
../Core/Src/main.c:487:6:processCommand	8	static
../Core/Src/main.c:464:6:HAL_UART_RxCpltCallback	16	static
../Core/Src/main.c:545:6:Error_Handler	0	static,ignoring_inline_asm
